ggggggggggggggggggggggggggggggggggggggggg
ggggggggggggggggggggggggggggggggggggggggg
ggwwwwwwwwwwwwwwwwwwwwwwwwwwwwwwwwwwwwwgg
ggwrrrrrrrrrrrrrrrrrrrrrrrrrrrrrrrrrrrwgg
ggwrffffffffffffffffffffffffffffffffffwgg
ggwrffffffffffffffffffffffffffffffffffwgg
ggwrffffffffffffffffffffffffffffffffffwgg
ggwrffffffffffffffffffffffffffffffffffwgg
ggwrfffffffffffffwwwwffwwwwfffffffffffwgg
ggwwwwwwwffwwwwwwwrrrffrrrwwwwwffwwwwwwgg
ggwwwwwwwffwwwwwwwffffffffwwwwwffwwwwwwgg
ggwwwwwwwffwwwwwwwffffffffwwwwwffwwwwwwgg
ggwwwwwwwffwwwwwwwffffffffwwwwwffwwwwwwgg
ggwwwwwwwffwwwwwwwffffffffwwwwwffwwwwwwgg
ggwwwwwwwffwwwwwwwwwwwwwwwwwwwwffwwwwwwgg
ggwrrrrrrffrrrrrrrrrrrrrrrrrrrrffrrrrrwgg
ggwrffffffffffffffffffffffffffffffffffwgg
ggwrffffffffffffffffffffffffffffffffffwgg
ggwwwwwwwwwwwwwwwwwwwffwwwwwwwwwwwwwwwwgg
ggwwwwwwwwwwwwwwwwwwwffwwwwwwwwwwwwwwwwgg
ggrrrrrrrrrrrrrrrrrrwffwrrrrrrrrrrrrrrrgg
ggggggggggggggggggggwffwggggggggggggggggg
ggggggggggwwwwwwwwwwwffwwwwwwwwwwgggggggg
ggggggggggrrrrrrrrrrrffrrrrrrrrrrgggggggg
ggggggggggfffffffffffffffffffffffgggggggg
ggggggggggwwwwwwwwwwwwwwwwwwwwwwwgggggggg
