ggggggggggggggggggggggggggggggggggggggggg
ggggggggggggggggggggggggggggggggggggggggg
ggwwwwwwwwwwwwwwwwwwwwwwwwwwwwwwwwwwwwwgg
ggwrrrrrrrrrrrrrrrrrrrrrrrrrrrrrrrrrrrwgg
ggwfffffffffffffffffffffffffffffffffffwgg
ggwfffffffffffffffffffffffffffffffffffwgg
ggwfffffffffffffffffffffffffffffffffffwgg
ggwfffffffffffffffffffffffffffffffffffwgg
ggwffffffffffffffwwwwffwwwwfffffffffffwgg
ggwwwwwwwffwwwwwwwrrrffrrrwwwwwffwwwwwwgg
ggwwwwwwwffwwwwwwwffffffffwwwwwffwwwwwwgg
ggwwwwwwwffwwwwwwwffffffffwwwwwffwwwwwwgg
ggwwwwwwwffwwwwwwwffffffffwwwwwffwwwwwwgg
ggwwwwwwwffwwwwwwwffffffffwwwwwffwwwwwwgg
ggwwwwwwwffwwwwwwwwwwwwwwwwwwwwffwwwwwwgg
ggwrrrrrrffrrrrrrrrrrrrrrrrrrrrffrrrrrwgg
ggwfffffffffffffffffffffffffffffffffffwgg
ggwfffffffffffffffffffffffffffffffffffwgg
ggwwwwwwwwwwwwwwwwwwwffwwwwwwwwwwwwwwwwgg
ggwwwwwwwwwwwwwwwwwwwffwwwwwwwwwwwwwwwwgg
ggrrrrrrrrrrrrrrrrrrwffwrrrrrrrrrrrrrrrgg
ggggggggggggggggggggwffwggggggggggggggggg
ggggggggggwwwwwwwwwwwffwwwwwwwwwwgggggggg
ggggggggggrrrrrrrrrrrffrrrrrrrrrrgggggggg
ggggggggggfffffffffffffffffffffffgggggggg
ggggggggggwwwwwwwwwwwwwwwwwwwwwwwgggggggg
